[33mΓ¥»[39m Building...
[32mΓ£ö[39m Building...
Application bundle generation failed. [8.266 seconds] - 2026-02-19T17:54:34.085Z

node.exe : 
[1m[33m[33mΓû▓ [4
3;33m[[43;30mWARNING
[43;33m][0m 
[1mNG8113: 
RouterLink is not 
used within the 
template of 
MapComponent[0m 
[1m[35m[plugin 
angular-compiler][0m
At C:\Program Files\n
odejs\npx.ps1:29 
char:3
+   & $NODE_EXE 
$NPX_CLI_JS $args
+   ~~~~~~~~~~~~~~~~~
~~~~~~~~~~~~
    + CategoryInfo   
           : NotSpe  
  cified: ([1m[3   
 3m[33mΓ...r-com    
piler][0m:Strin    
g) [], RemoteExc    
eption
    + FullyQualified 
   ErrorId : Native  
  CommandError
 

    src/app/component
s/map/map.component.t
s:9:28:
[37m      9 Γöé     
imports: 
[CommonModule, [32mR
outerLink[37m],
        Γò╡          
                   
[32m~~~~~~~~~~[0m

[39m[22m
[1m[31m[31mX [41;
31m[[41;97mERROR[41
;31m][0m 
[1mNG5002: 
Unexpected closing 
tag "div". It may 
happen when the tag 
has already been 
closed by another 
tag. For more info 
see https://www.w3.or
g/TR/html5/syntax.htm
l#closing-elements-th
at-have-implied-end-t
ags[0m 
[1m[35m[plugin 
angular-compiler][0m

    src/app/component
s/map/map.component.h
tml:42:0:
[37m      42 Γöé 
[32m</div>[37m
         Γò╡ 
[32m~~~~~~[0m

  Error occurs in 
the template of 
component 
MapComponent.

    src/app/component
s/map/map.component.t
s:10:17:
[37m      10 Γöé    
 templateUrl: [32m'.
/map.component.html'
[37m,
         Γò╡         
         [32m~~~~~~~
~~~~~~~~~~~~~~~[0m

[39m[22m
